../Drivers/CMSIS/Include/core_cm4.h:1777:22:__NVIC_ClearPendingIRQ	16	static
../Core/Src/main.c:160:5:main	8	static
../Core/Src/main.c:278:6:SystemClock_Config	88	static
../Core/Src/main.c:331:13:MX_SPI1_Init	8	static
../Core/Src/main.c:369:13:MX_TIM1_Init	32	static
../Core/Src/main.c:415:13:MX_TIM2_Init	32	static
../Core/Src/main.c:460:13:MX_GPIO_Init	48	static
../Core/Src/main.c:505:6:HAL_GPIO_EXTI_Callback	16	static
../Core/Src/main.c:569:6:StartDHT22Task	48	static
../Core/Src/main.c:604:6:StartCalculationTask	64	static
../Core/Src/main.c:725:6:StartDisplayTask	40	static
../Core/Src/main.c:769:6:HAL_TIM_PeriodElapsedCallback	16	static
../Core/Src/main.c:819:6:Error_Handler	4	static,ignoring_inline_asm
