../Core/Src/max7219_lib.c:46:6:max7219_Transmit	24	static
../Core/Src/max7219_lib.c:60:6:max7219_Shutdown	16	static
../Core/Src/max7219_lib.c:68:6:max7219_Display_Test	16	static
../Core/Src/max7219_lib.c:75:6:max7219_Display_Clean	8	static
../Core/Src/max7219_lib.c:90:6:max7219_Intensity	16	static
../Core/Src/max7219_lib.c:97:6:max7219_Init	8	static
../Core/Src/max7219_lib.c:112:6:max7219_send_symbol	16	static
../Core/Src/max7219_lib.c:126:6:max7219_num	16	static
../Core/Src/max7219_lib.c:179:6:max7219_num_point	16	static
../Core/Src/max7219_lib.c:225:6:max7219_Send_int32_t	32	static
../Core/Src/max7219_lib.c:579:6:max7219_Send_float	40	static
